#! /opt/homebrew/Cellar/icarus-verilog/13.0/bin/vvp
:ivl_version "13.0 (stable)" "(v13_0)";
:ivl_delay_selection "TYPICAL";
:vpi_time_precision + 0;
:vpi_module "/opt/homebrew/Cellar/icarus-verilog/13.0/lib/ivl/system.vpi";
:vpi_module "/opt/homebrew/Cellar/icarus-verilog/13.0/lib/ivl/vhdl_sys.vpi";
:vpi_module "/opt/homebrew/Cellar/icarus-verilog/13.0/lib/ivl/vhdl_textio.vpi";
:vpi_module "/opt/homebrew/Cellar/icarus-verilog/13.0/lib/ivl/v2005_math.vpi";
:vpi_module "/opt/homebrew/Cellar/icarus-verilog/13.0/lib/ivl/va_math.vpi";
:vpi_module "/opt/homebrew/Cellar/icarus-verilog/13.0/lib/ivl/v2009.vpi";
S_0x105100610 .scope package, "$unit" "$unit" 2 1;
 .timescale 0 0;
S_0x105100790 .scope package, "rv32_pkg" "rv32_pkg" 3 1;
 .timescale 0 0;
enum0x1051015a0 .enum4 (7)
   "OPCODE_OP" 7'b0110011,
   "OPCODE_OP_IMM" 7'b0010011,
   "OPCODE_LOAD" 7'b0000011,
   "OPCODE_STORE" 7'b0100011,
   "OPCODE_VECTOR" 7'b1110111
 ;
S_0x1050fda10 .scope module, "tb_cpu_core" "tb_cpu_core" 4 3;
 .timescale 0 0;
v0x1051056a0_0 .var "a", 31 0;
v0x105105740_0 .var "alu_ctrl", 3 0;
v0x1051057e0_0 .var "b", 31 0;
v0x105105ee0_0 .net "result", 31 0, v0x1051054c0_0;  1 drivers
v0x105105f80_0 .net "zero", 0 0, v0x105105600_0;  1 drivers
S_0x1050fdb90 .scope module, "uut" "rv32_alu" 4 8, 5 3 0, S_0x1050fda10;
 .timescale 0 0;
    .port_info 0 /INPUT 32 "a";
    .port_info 1 /INPUT 32 "b";
    .port_info 2 /INPUT 4 "alu_ctrl";
    .port_info 3 /OUTPUT 32 "result";
    .port_info 4 /OUTPUT 1 "zero";
v0x1051052e0_0 .net "a", 31 0, v0x1051056a0_0;  1 drivers
v0x105105380_0 .net "alu_ctrl", 3 0, v0x105105740_0;  1 drivers
v0x105105420_0 .net "b", 31 0, v0x1051057e0_0;  1 drivers
v0x1051054c0_0 .var "result", 31 0;
v0x105105560_0 .net "shift_amt", 4 0, L_0x83ac44000;  1 drivers
v0x105105600_0 .var "zero", 0 0;
E_0x83ac283c0 .event anyedge, v0x105105380_0, v0x1051052e0_0, v0x105105420_0, v0x105105560_0;
L_0x83ac44000 .part v0x1051057e0_0, 0, 5;
    .scope S_0x1050fdb90;
T_0 ;
Ewait_0 .event/or E_0x83ac283c0, E_0x0;
    %wait Ewait_0;
    %load/vec4 v0x105105380_0;
    %dup/vec4;
    %pushi/vec4 0, 0, 4;
    %cmp/u;
    %jmp/1 T_0.0, 6;
    %dup/vec4;
    %pushi/vec4 1, 0, 4;
    %cmp/u;
    %jmp/1 T_0.1, 6;
    %dup/vec4;
    %pushi/vec4 2, 0, 4;
    %cmp/u;
    %jmp/1 T_0.2, 6;
    %dup/vec4;
    %pushi/vec4 3, 0, 4;
    %cmp/u;
    %jmp/1 T_0.3, 6;
    %dup/vec4;
    %pushi/vec4 4, 0, 4;
    %cmp/u;
    %jmp/1 T_0.4, 6;
    %dup/vec4;
    %pushi/vec4 5, 0, 4;
    %cmp/u;
    %jmp/1 T_0.5, 6;
    %dup/vec4;
    %pushi/vec4 6, 0, 4;
    %cmp/u;
    %jmp/1 T_0.6, 6;
    %pushi/vec4 0, 0, 32;
    %store/vec4 v0x1051054c0_0, 0, 32;
    %jmp T_0.8;
T_0.0 ;
    %load/vec4 v0x1051052e0_0;
    %load/vec4 v0x105105420_0;
    %add;
    %store/vec4 v0x1051054c0_0, 0, 32;
    %jmp T_0.8;
T_0.1 ;
    %load/vec4 v0x1051052e0_0;
    %load/vec4 v0x105105420_0;
    %sub;
    %store/vec4 v0x1051054c0_0, 0, 32;
    %jmp T_0.8;
T_0.2 ;
    %load/vec4 v0x1051052e0_0;
    %load/vec4 v0x105105420_0;
    %and;
    %store/vec4 v0x1051054c0_0, 0, 32;
    %jmp T_0.8;
T_0.3 ;
    %load/vec4 v0x1051052e0_0;
    %load/vec4 v0x105105420_0;
    %or;
    %store/vec4 v0x1051054c0_0, 0, 32;
    %jmp T_0.8;
T_0.4 ;
    %load/vec4 v0x1051052e0_0;
    %load/vec4 v0x105105420_0;
    %xor;
    %store/vec4 v0x1051054c0_0, 0, 32;
    %jmp T_0.8;
T_0.5 ;
    %load/vec4 v0x1051052e0_0;
    %ix/getv 4, v0x105105560_0;
    %shiftl 4;
    %store/vec4 v0x1051054c0_0, 0, 32;
    %jmp T_0.8;
T_0.6 ;
    %load/vec4 v0x1051052e0_0;
    %ix/getv 4, v0x105105560_0;
    %shiftr 4;
    %store/vec4 v0x1051054c0_0, 0, 32;
    %jmp T_0.8;
T_0.8 ;
    %pop/vec4 1;
    %load/vec4 v0x1051054c0_0;
    %pushi/vec4 0, 0, 32;
    %cmp/e;
    %flag_get/vec4 4;
    %store/vec4 v0x105105600_0, 0, 1;
    %jmp T_0;
    .thread T_0, $push;
    .scope S_0x1050fda10;
T_1 ;
    %vpi_call/w 4 11 "$dumpfile", "sim_build/cpu_waves.vcd" {0 0 0};
    %vpi_call/w 4 12 "$dumpvars", 32'sb00000000000000000000000000000000, S_0x1050fda10 {0 0 0};
    %pushi/vec4 15, 0, 32;
    %store/vec4 v0x1051056a0_0, 0, 32;
    %pushi/vec4 25, 0, 32;
    %store/vec4 v0x1051057e0_0, 0, 32;
    %pushi/vec4 0, 0, 4;
    %store/vec4 v0x105105740_0, 0, 4;
    %delay 10, 0;
    %load/vec4 v0x105105ee0_0;
    %cmpi/e 40, 0, 32;
    %jmp/0xz  T_1.0, 4;
    %jmp T_1.1;
T_1.0 ;
    %vpi_call/w 4 16 "$error", "ADD Failed!" {0 0 0};
T_1.1 ;
    %pushi/vec4 50, 0, 32;
    %store/vec4 v0x1051056a0_0, 0, 32;
    %pushi/vec4 20, 0, 32;
    %store/vec4 v0x1051057e0_0, 0, 32;
    %pushi/vec4 1, 0, 4;
    %store/vec4 v0x105105740_0, 0, 4;
    %delay 10, 0;
    %load/vec4 v0x105105ee0_0;
    %cmpi/e 30, 0, 32;
    %jmp/0xz  T_1.2, 4;
    %jmp T_1.3;
T_1.2 ;
    %vpi_call/w 4 20 "$error", "SUB Failed!" {0 0 0};
T_1.3 ;
    %vpi_call/w 4 22 "$display", "[SUCCESS] RISC-V RV32 Execution Core Validated!" {0 0 0};
    %vpi_call/w 4 23 "$finish" {0 0 0};
    %end;
    .thread T_1;
# The file index is used to find the file name in the following table.
:file_names 6;
    "N/A";
    "<interactive>";
    "-";
    "rtl/cpu/rv32_pkg.sv";
    "tb/tb_cpu_core.sv";
    "rtl/cpu/rv32_alu.sv";
