#! /opt/homebrew/Cellar/icarus-verilog/13.0/bin/vvp
:ivl_version "13.0 (stable)" "(v13_0)";
:ivl_delay_selection "TYPICAL";
:vpi_time_precision + 0;
:vpi_module "/opt/homebrew/Cellar/icarus-verilog/13.0/lib/ivl/system.vpi";
:vpi_module "/opt/homebrew/Cellar/icarus-verilog/13.0/lib/ivl/vhdl_sys.vpi";
:vpi_module "/opt/homebrew/Cellar/icarus-verilog/13.0/lib/ivl/vhdl_textio.vpi";
:vpi_module "/opt/homebrew/Cellar/icarus-verilog/13.0/lib/ivl/v2005_math.vpi";
:vpi_module "/opt/homebrew/Cellar/icarus-verilog/13.0/lib/ivl/va_math.vpi";
:vpi_module "/opt/homebrew/Cellar/icarus-verilog/13.0/lib/ivl/v2009.vpi";
S_0x1028be6c0 .scope package, "$unit" "$unit" 2 1;
 .timescale 0 0;
S_0x1028be840 .scope module, "tb_npu_array" "tb_npu_array" 3 1;
 .timescale 0 0;
L_0xc65070700 .functor BUFZ 16, v0xc65050000_0, C4<0000000000000000>, C4<0000000000000000>, C4<0000000000000000>;
L_0xc65070770 .functor BUFZ 16, v0xc65050460_0, C4<0000000000000000>, C4<0000000000000000>, C4<0000000000000000>;
L_0xc650707e0 .functor BUFZ 16, v0xc650508c0_0, C4<0000000000000000>, C4<0000000000000000>, C4<0000000000000000>;
L_0xc65070850 .functor BUFZ 16, v0xc65050d20_0, C4<0000000000000000>, C4<0000000000000000>, C4<0000000000000000>;
L_0xc650708c0 .functor BUFZ 16, v0xc65051180_0, C4<0000000000000000>, C4<0000000000000000>, C4<0000000000000000>;
L_0xc650709a0 .functor BUFZ 16, v0xc650515e0_0, C4<0000000000000000>, C4<0000000000000000>, C4<0000000000000000>;
L_0xc65070a10 .functor BUFZ 16, v0xc65051a40_0, C4<0000000000000000>, C4<0000000000000000>, C4<0000000000000000>;
L_0xc65070930 .functor BUFZ 16, v0xc65051ea0_0, C4<0000000000000000>, C4<0000000000000000>, C4<0000000000000000>;
L_0xc65070a80 .functor BUFZ 16, v0xc65052300_0, C4<0000000000000000>, C4<0000000000000000>, C4<0000000000000000>;
L_0xc65070af0 .functor BUFZ 16, v0xc65052760_0, C4<0000000000000000>, C4<0000000000000000>, C4<0000000000000000>;
L_0xc65070b60 .functor BUFZ 16, v0xc65052bc0_0, C4<0000000000000000>, C4<0000000000000000>, C4<0000000000000000>;
L_0xc65070bd0 .functor BUFZ 16, v0xc65053020_0, C4<0000000000000000>, C4<0000000000000000>, C4<0000000000000000>;
L_0xc65070c40 .functor BUFZ 16, v0xc65053480_0, C4<0000000000000000>, C4<0000000000000000>, C4<0000000000000000>;
L_0xc65070cb0 .functor BUFZ 16, v0xc650538e0_0, C4<0000000000000000>, C4<0000000000000000>, C4<0000000000000000>;
L_0xc65070d20 .functor BUFZ 16, v0xc65053d40_0, C4<0000000000000000>, C4<0000000000000000>, C4<0000000000000000>;
L_0xc65070d90 .functor BUFZ 16, v0xc6506c1e0_0, C4<0000000000000000>, C4<0000000000000000>, C4<0000000000000000>;
v0xc6506cbe0_0 .var "clk", 0 0;
v0xc6506cc80 .array "in_a", 3 0, 7 0;
v0xc6506cd20 .array "in_b", 3 0, 7 0;
v0xc6506cdc0 .array "result", 15 0;
v0xc6506cdc0_0 .net v0xc6506cdc0 0, 15 0, L_0xc65070700; 1 drivers
v0xc6506cdc0_1 .net v0xc6506cdc0 1, 15 0, L_0xc65070770; 1 drivers
v0xc6506cdc0_2 .net v0xc6506cdc0 2, 15 0, L_0xc650707e0; 1 drivers
v0xc6506cdc0_3 .net v0xc6506cdc0 3, 15 0, L_0xc65070850; 1 drivers
v0xc6506cdc0_4 .net v0xc6506cdc0 4, 15 0, L_0xc650708c0; 1 drivers
v0xc6506cdc0_5 .net v0xc6506cdc0 5, 15 0, L_0xc650709a0; 1 drivers
v0xc6506cdc0_6 .net v0xc6506cdc0 6, 15 0, L_0xc65070a10; 1 drivers
v0xc6506cdc0_7 .net v0xc6506cdc0 7, 15 0, L_0xc65070930; 1 drivers
v0xc6506cdc0_8 .net v0xc6506cdc0 8, 15 0, L_0xc65070a80; 1 drivers
v0xc6506cdc0_9 .net v0xc6506cdc0 9, 15 0, L_0xc65070af0; 1 drivers
v0xc6506cdc0_10 .net v0xc6506cdc0 10, 15 0, L_0xc65070b60; 1 drivers
v0xc6506cdc0_11 .net v0xc6506cdc0 11, 15 0, L_0xc65070bd0; 1 drivers
v0xc6506cdc0_12 .net v0xc6506cdc0 12, 15 0, L_0xc65070c40; 1 drivers
v0xc6506cdc0_13 .net v0xc6506cdc0 13, 15 0, L_0xc65070cb0; 1 drivers
v0xc6506cdc0_14 .net v0xc6506cdc0 14, 15 0, L_0xc65070d20; 1 drivers
v0xc6506cdc0_15 .net v0xc6506cdc0 15, 15 0, L_0xc65070d90; 1 drivers
v0xc6506ce60_0 .var "rst_n", 0 0;
S_0x1028b6070 .scope module, "uut" "systolic_array" 3 10, 4 1 0, S_0x1028be840;
 .timescale 0 0;
    .port_info 0 /INPUT 1 "clk";
    .port_info 1 /INPUT 1 "rst_n";
    .port_info 2 /INPUT 32 "in_a";
    .port_info 3 /INPUT 32 "in_b";
    .port_info 4 /OUTPUT 256 "result";
v0xc6506c640 .array "a_wire", 19 0;
v0xc6506c640_0 .net v0xc6506c640 0, 7 0, L_0xc65070000; 1 drivers
v0xc6506c640_1 .net v0xc6506c640 1, 7 0, v0xc65050280_0; 1 drivers
v0xc6506c640_2 .net v0xc6506c640 2, 7 0, v0xc650506e0_0; 1 drivers
v0xc6506c640_3 .net v0xc6506c640 3, 7 0, v0xc65050b40_0; 1 drivers
v0xc6506c640_4 .net v0xc6506c640 4, 7 0, v0xc65050fa0_0; 1 drivers
v0xc6506c640_5 .net v0xc6506c640 5, 7 0, L_0xc650700e0; 1 drivers
v0xc6506c640_6 .net v0xc6506c640 6, 7 0, v0xc65051400_0; 1 drivers
v0xc6506c640_7 .net v0xc6506c640 7, 7 0, v0xc65051860_0; 1 drivers
v0xc6506c640_8 .net v0xc6506c640 8, 7 0, v0xc65051cc0_0; 1 drivers
v0xc6506c640_9 .net v0xc6506c640 9, 7 0, v0xc65052120_0; 1 drivers
v0xc6506c640_10 .net v0xc6506c640 10, 7 0, L_0xc650701c0; 1 drivers
v0xc6506c640_11 .net v0xc6506c640 11, 7 0, v0xc65052580_0; 1 drivers
v0xc6506c640_12 .net v0xc6506c640 12, 7 0, v0xc650529e0_0; 1 drivers
v0xc6506c640_13 .net v0xc6506c640 13, 7 0, v0xc65052e40_0; 1 drivers
v0xc6506c640_14 .net v0xc6506c640 14, 7 0, v0xc650532a0_0; 1 drivers
v0xc6506c640_15 .net v0xc6506c640 15, 7 0, L_0xc650702a0; 1 drivers
v0xc6506c640_16 .net v0xc6506c640 16, 7 0, v0xc65053700_0; 1 drivers
v0xc6506c640_17 .net v0xc6506c640 17, 7 0, v0xc65053b60_0; 1 drivers
v0xc6506c640_18 .net v0xc6506c640 18, 7 0, v0xc6506c000_0; 1 drivers
v0xc6506c640_19 .net v0xc6506c640 19, 7 0, v0xc6506c460_0; 1 drivers
v0xc6506c780 .array "b_wire", 19 0;
v0xc6506c780_0 .net v0xc6506c780 0, 7 0, L_0xc65070070; 1 drivers
v0xc6506c780_1 .net v0xc6506c780 1, 7 0, L_0xc65070150; 1 drivers
v0xc6506c780_2 .net v0xc6506c780 2, 7 0, L_0xc65070230; 1 drivers
v0xc6506c780_3 .net v0xc6506c780 3, 7 0, L_0xc65070310; 1 drivers
v0xc6506c780_4 .net v0xc6506c780 4, 7 0, v0xc65050320_0; 1 drivers
v0xc6506c780_5 .net v0xc6506c780 5, 7 0, v0xc650514a0_0; 1 drivers
v0xc6506c780_6 .net v0xc6506c780 6, 7 0, v0xc65052620_0; 1 drivers
v0xc6506c780_7 .net v0xc6506c780 7, 7 0, v0xc650537a0_0; 1 drivers
v0xc6506c780_8 .net v0xc6506c780 8, 7 0, v0xc65050780_0; 1 drivers
v0xc6506c780_9 .net v0xc6506c780 9, 7 0, v0xc65051900_0; 1 drivers
v0xc6506c780_10 .net v0xc6506c780 10, 7 0, v0xc65052a80_0; 1 drivers
v0xc6506c780_11 .net v0xc6506c780 11, 7 0, v0xc65053c00_0; 1 drivers
v0xc6506c780_12 .net v0xc6506c780 12, 7 0, v0xc65050be0_0; 1 drivers
v0xc6506c780_13 .net v0xc6506c780 13, 7 0, v0xc65051d60_0; 1 drivers
v0xc6506c780_14 .net v0xc6506c780 14, 7 0, v0xc65052ee0_0; 1 drivers
v0xc6506c780_15 .net v0xc6506c780 15, 7 0, v0xc6506c0a0_0; 1 drivers
v0xc6506c780_16 .net v0xc6506c780 16, 7 0, v0xc65051040_0; 1 drivers
v0xc6506c780_17 .net v0xc6506c780 17, 7 0, v0xc650521c0_0; 1 drivers
v0xc6506c780_18 .net v0xc6506c780 18, 7 0, v0xc65053340_0; 1 drivers
v0xc6506c780_19 .net v0xc6506c780 19, 7 0, v0xc6506c500_0; 1 drivers
v0xc6506c8c0_0 .net "clk", 0 0, v0xc6506cbe0_0;  1 drivers
v0xc6506cc80_0 .array/port v0xc6506cc80, 0;
v0xc6506c960 .array "in_a", 3 0;
v0xc6506c960_0 .net v0xc6506c960 0, 7 0, v0xc6506cc80_0; 1 drivers
v0xc6506cc80_1 .array/port v0xc6506cc80, 1;
v0xc6506c960_1 .net v0xc6506c960 1, 7 0, v0xc6506cc80_1; 1 drivers
v0xc6506cc80_2 .array/port v0xc6506cc80, 2;
v0xc6506c960_2 .net v0xc6506c960 2, 7 0, v0xc6506cc80_2; 1 drivers
v0xc6506cc80_3 .array/port v0xc6506cc80, 3;
v0xc6506c960_3 .net v0xc6506c960 3, 7 0, v0xc6506cc80_3; 1 drivers
v0xc6506cd20_0 .array/port v0xc6506cd20, 0;
v0xc6506ca00 .array "in_b", 3 0;
v0xc6506ca00_0 .net v0xc6506ca00 0, 7 0, v0xc6506cd20_0; 1 drivers
v0xc6506cd20_1 .array/port v0xc6506cd20, 1;
v0xc6506ca00_1 .net v0xc6506ca00 1, 7 0, v0xc6506cd20_1; 1 drivers
v0xc6506cd20_2 .array/port v0xc6506cd20, 2;
v0xc6506ca00_2 .net v0xc6506ca00 2, 7 0, v0xc6506cd20_2; 1 drivers
v0xc6506cd20_3 .array/port v0xc6506cd20, 3;
v0xc6506ca00_3 .net v0xc6506ca00 3, 7 0, v0xc6506cd20_3; 1 drivers
v0xc6506caa0 .array "result", 15 0;
v0xc6506caa0_0 .net v0xc6506caa0 0, 15 0, v0xc65050000_0; 1 drivers
v0xc6506caa0_1 .net v0xc6506caa0 1, 15 0, v0xc65050460_0; 1 drivers
v0xc6506caa0_2 .net v0xc6506caa0 2, 15 0, v0xc650508c0_0; 1 drivers
v0xc6506caa0_3 .net v0xc6506caa0 3, 15 0, v0xc65050d20_0; 1 drivers
v0xc6506caa0_4 .net v0xc6506caa0 4, 15 0, v0xc65051180_0; 1 drivers
v0xc6506caa0_5 .net v0xc6506caa0 5, 15 0, v0xc650515e0_0; 1 drivers
v0xc6506caa0_6 .net v0xc6506caa0 6, 15 0, v0xc65051a40_0; 1 drivers
v0xc6506caa0_7 .net v0xc6506caa0 7, 15 0, v0xc65051ea0_0; 1 drivers
v0xc6506caa0_8 .net v0xc6506caa0 8, 15 0, v0xc65052300_0; 1 drivers
v0xc6506caa0_9 .net v0xc6506caa0 9, 15 0, v0xc65052760_0; 1 drivers
v0xc6506caa0_10 .net v0xc6506caa0 10, 15 0, v0xc65052bc0_0; 1 drivers
v0xc6506caa0_11 .net v0xc6506caa0 11, 15 0, v0xc65053020_0; 1 drivers
v0xc6506caa0_12 .net v0xc6506caa0 12, 15 0, v0xc65053480_0; 1 drivers
v0xc6506caa0_13 .net v0xc6506caa0 13, 15 0, v0xc650538e0_0; 1 drivers
v0xc6506caa0_14 .net v0xc6506caa0 14, 15 0, v0xc65053d40_0; 1 drivers
v0xc6506caa0_15 .net v0xc6506caa0 15, 15 0, v0xc6506c1e0_0; 1 drivers
v0xc6506cb40_0 .net "rst_n", 0 0, v0xc6506ce60_0;  1 drivers
S_0x1028b61f0 .scope generate, "assign_inputs[0]" "assign_inputs[0]" 4 13, 4 13 0, S_0x1028b6070;
 .timescale 0 0;
P_0xc65025540 .param/l "i" 1 4 13, +C4<00>;
L_0xc65070000 .functor BUFZ 8, v0xc6506cc80_0, C4<00000000>, C4<00000000>, C4<00000000>;
L_0xc65070070 .functor BUFZ 8, v0xc6506cd20_0, C4<00000000>, C4<00000000>, C4<00000000>;
S_0x1028b3610 .scope generate, "assign_inputs[1]" "assign_inputs[1]" 4 13, 4 13 0, S_0x1028b6070;
 .timescale 0 0;
P_0xc65025580 .param/l "i" 1 4 13, +C4<01>;
L_0xc650700e0 .functor BUFZ 8, v0xc6506cc80_1, C4<00000000>, C4<00000000>, C4<00000000>;
L_0xc65070150 .functor BUFZ 8, v0xc6506cd20_1, C4<00000000>, C4<00000000>, C4<00000000>;
S_0x1028b3790 .scope generate, "assign_inputs[2]" "assign_inputs[2]" 4 13, 4 13 0, S_0x1028b6070;
 .timescale 0 0;
P_0xc650255c0 .param/l "i" 1 4 13, +C4<010>;
L_0xc650701c0 .functor BUFZ 8, v0xc6506cc80_2, C4<00000000>, C4<00000000>, C4<00000000>;
L_0xc65070230 .functor BUFZ 8, v0xc6506cd20_2, C4<00000000>, C4<00000000>, C4<00000000>;
S_0x1028ae930 .scope generate, "assign_inputs[3]" "assign_inputs[3]" 4 13, 4 13 0, S_0x1028b6070;
 .timescale 0 0;
P_0xc65025600 .param/l "i" 1 4 13, +C4<011>;
L_0xc650702a0 .functor BUFZ 8, v0xc6506cc80_3, C4<00000000>, C4<00000000>, C4<00000000>;
L_0xc65070310 .functor BUFZ 8, v0xc6506cd20_3, C4<00000000>, C4<00000000>, C4<00000000>;
S_0x1028aeab0 .scope generate, "row[0]" "row[0]" 4 18, 4 18 0, S_0x1028b6070;
 .timescale 0 0;
P_0xc65025680 .param/l "i" 1 4 18, +C4<00>;
S_0x1028c0ef0 .scope generate, "col[0]" "col[0]" 4 19, 4 19 0, S_0x1028aeab0;
 .timescale 0 0;
P_0xc650256c0 .param/l "j" 1 4 19, +C4<00>;
S_0x1028c1490 .scope module, "pe_inst" "npu_pe" 4 20, 5 1 0, S_0x1028c0ef0;
 .timescale 0 0;
    .port_info 0 /INPUT 1 "clk";
    .port_info 1 /INPUT 1 "rst_n";
    .port_info 2 /INPUT 8 "in_a";
    .port_info 3 /INPUT 8 "in_b";
    .port_info 4 /OUTPUT 8 "out_a";
    .port_info 5 /OUTPUT 8 "out_b";
    .port_info 6 /OUTPUT 16 "accum";
v0xc65050000_0 .var "accum", 15 0;
v0xc650500a0_0 .net "clk", 0 0, v0xc6506cbe0_0;  alias, 1 drivers
v0xc65050140_0 .net "in_a", 7 0, L_0xc65070000;  alias, 1 drivers
v0xc650501e0_0 .net "in_b", 7 0, L_0xc65070070;  alias, 1 drivers
v0xc65050280_0 .var "out_a", 7 0;
v0xc65050320_0 .var "out_b", 7 0;
v0xc650503c0_0 .net "rst_n", 0 0, v0xc6506ce60_0;  alias, 1 drivers
E_0xc64c56000/0 .event negedge, v0xc650503c0_0;
E_0xc64c56000/1 .event posedge, v0xc650500a0_0;
E_0xc64c56000 .event/or E_0xc64c56000/0, E_0xc64c56000/1;
S_0x1028c1610 .scope generate, "col[1]" "col[1]" 4 19, 4 19 0, S_0x1028aeab0;
 .timescale 0 0;
P_0xc65025740 .param/l "j" 1 4 19, +C4<01>;
S_0x1028c1790 .scope module, "pe_inst" "npu_pe" 4 20, 5 1 0, S_0x1028c1610;
 .timescale 0 0;
    .port_info 0 /INPUT 1 "clk";
    .port_info 1 /INPUT 1 "rst_n";
    .port_info 2 /INPUT 8 "in_a";
    .port_info 3 /INPUT 8 "in_b";
    .port_info 4 /OUTPUT 8 "out_a";
    .port_info 5 /OUTPUT 8 "out_b";
    .port_info 6 /OUTPUT 16 "accum";
v0xc65050460_0 .var "accum", 15 0;
v0xc65050500_0 .net "clk", 0 0, v0xc6506cbe0_0;  alias, 1 drivers
v0xc650505a0_0 .net "in_a", 7 0, v0xc65050280_0;  alias, 1 drivers
v0xc65050640_0 .net "in_b", 7 0, L_0xc65070150;  alias, 1 drivers
v0xc650506e0_0 .var "out_a", 7 0;
v0xc65050780_0 .var "out_b", 7 0;
v0xc65050820_0 .net "rst_n", 0 0, v0xc6506ce60_0;  alias, 1 drivers
S_0xc64c6c000 .scope generate, "col[2]" "col[2]" 4 19, 4 19 0, S_0x1028aeab0;
 .timescale 0 0;
P_0xc650257c0 .param/l "j" 1 4 19, +C4<010>;
S_0xc64c6c180 .scope module, "pe_inst" "npu_pe" 4 20, 5 1 0, S_0xc64c6c000;
 .timescale 0 0;
    .port_info 0 /INPUT 1 "clk";
    .port_info 1 /INPUT 1 "rst_n";
    .port_info 2 /INPUT 8 "in_a";
    .port_info 3 /INPUT 8 "in_b";
    .port_info 4 /OUTPUT 8 "out_a";
    .port_info 5 /OUTPUT 8 "out_b";
    .port_info 6 /OUTPUT 16 "accum";
v0xc650508c0_0 .var "accum", 15 0;
v0xc65050960_0 .net "clk", 0 0, v0xc6506cbe0_0;  alias, 1 drivers
v0xc65050a00_0 .net "in_a", 7 0, v0xc650506e0_0;  alias, 1 drivers
v0xc65050aa0_0 .net "in_b", 7 0, L_0xc65070230;  alias, 1 drivers
v0xc65050b40_0 .var "out_a", 7 0;
v0xc65050be0_0 .var "out_b", 7 0;
v0xc65050c80_0 .net "rst_n", 0 0, v0xc6506ce60_0;  alias, 1 drivers
S_0xc64c6c300 .scope generate, "col[3]" "col[3]" 4 19, 4 19 0, S_0x1028aeab0;
 .timescale 0 0;
P_0xc650258c0 .param/l "j" 1 4 19, +C4<011>;
S_0xc64c6c480 .scope module, "pe_inst" "npu_pe" 4 20, 5 1 0, S_0xc64c6c300;
 .timescale 0 0;
    .port_info 0 /INPUT 1 "clk";
    .port_info 1 /INPUT 1 "rst_n";
    .port_info 2 /INPUT 8 "in_a";
    .port_info 3 /INPUT 8 "in_b";
    .port_info 4 /OUTPUT 8 "out_a";
    .port_info 5 /OUTPUT 8 "out_b";
    .port_info 6 /OUTPUT 16 "accum";
v0xc65050d20_0 .var "accum", 15 0;
v0xc65050dc0_0 .net "clk", 0 0, v0xc6506cbe0_0;  alias, 1 drivers
v0xc65050e60_0 .net "in_a", 7 0, v0xc65050b40_0;  alias, 1 drivers
v0xc65050f00_0 .net "in_b", 7 0, L_0xc65070310;  alias, 1 drivers
v0xc65050fa0_0 .var "out_a", 7 0;
v0xc65051040_0 .var "out_b", 7 0;
v0xc650510e0_0 .net "rst_n", 0 0, v0xc6506ce60_0;  alias, 1 drivers
S_0xc64c6c600 .scope generate, "row[1]" "row[1]" 4 18, 4 18 0, S_0x1028b6070;
 .timescale 0 0;
P_0xc65025940 .param/l "i" 1 4 18, +C4<01>;
S_0xc64c6c780 .scope generate, "col[0]" "col[0]" 4 19, 4 19 0, S_0xc64c6c600;
 .timescale 0 0;
P_0xc65025980 .param/l "j" 1 4 19, +C4<00>;
S_0xc64c6c900 .scope module, "pe_inst" "npu_pe" 4 20, 5 1 0, S_0xc64c6c780;
 .timescale 0 0;
    .port_info 0 /INPUT 1 "clk";
    .port_info 1 /INPUT 1 "rst_n";
    .port_info 2 /INPUT 8 "in_a";
    .port_info 3 /INPUT 8 "in_b";
    .port_info 4 /OUTPUT 8 "out_a";
    .port_info 5 /OUTPUT 8 "out_b";
    .port_info 6 /OUTPUT 16 "accum";
v0xc65051180_0 .var "accum", 15 0;
v0xc65051220_0 .net "clk", 0 0, v0xc6506cbe0_0;  alias, 1 drivers
v0xc650512c0_0 .net "in_a", 7 0, L_0xc650700e0;  alias, 1 drivers
v0xc65051360_0 .net "in_b", 7 0, v0xc65050320_0;  alias, 1 drivers
v0xc65051400_0 .var "out_a", 7 0;
v0xc650514a0_0 .var "out_b", 7 0;
v0xc65051540_0 .net "rst_n", 0 0, v0xc6506ce60_0;  alias, 1 drivers
S_0xc64c6ca80 .scope generate, "col[1]" "col[1]" 4 19, 4 19 0, S_0xc64c6c600;
 .timescale 0 0;
P_0xc65025880 .param/l "j" 1 4 19, +C4<01>;
S_0xc64c6cc00 .scope module, "pe_inst" "npu_pe" 4 20, 5 1 0, S_0xc64c6ca80;
 .timescale 0 0;
    .port_info 0 /INPUT 1 "clk";
    .port_info 1 /INPUT 1 "rst_n";
    .port_info 2 /INPUT 8 "in_a";
    .port_info 3 /INPUT 8 "in_b";
    .port_info 4 /OUTPUT 8 "out_a";
    .port_info 5 /OUTPUT 8 "out_b";
    .port_info 6 /OUTPUT 16 "accum";
v0xc650515e0_0 .var "accum", 15 0;
v0xc65051680_0 .net "clk", 0 0, v0xc6506cbe0_0;  alias, 1 drivers
v0xc65051720_0 .net "in_a", 7 0, v0xc65051400_0;  alias, 1 drivers
v0xc650517c0_0 .net "in_b", 7 0, v0xc650514a0_0;  alias, 1 drivers
v0xc65051860_0 .var "out_a", 7 0;
v0xc65051900_0 .var "out_b", 7 0;
v0xc650519a0_0 .net "rst_n", 0 0, v0xc6506ce60_0;  alias, 1 drivers
S_0xc64c6cd80 .scope generate, "col[2]" "col[2]" 4 19, 4 19 0, S_0xc64c6c600;
 .timescale 0 0;
P_0xc65025a00 .param/l "j" 1 4 19, +C4<010>;
S_0xc64c6cf00 .scope module, "pe_inst" "npu_pe" 4 20, 5 1 0, S_0xc64c6cd80;
 .timescale 0 0;
    .port_info 0 /INPUT 1 "clk";
    .port_info 1 /INPUT 1 "rst_n";
    .port_info 2 /INPUT 8 "in_a";
    .port_info 3 /INPUT 8 "in_b";
    .port_info 4 /OUTPUT 8 "out_a";
    .port_info 5 /OUTPUT 8 "out_b";
    .port_info 6 /OUTPUT 16 "accum";
v0xc65051a40_0 .var "accum", 15 0;
v0xc65051ae0_0 .net "clk", 0 0, v0xc6506cbe0_0;  alias, 1 drivers
v0xc65051b80_0 .net "in_a", 7 0, v0xc65051860_0;  alias, 1 drivers
v0xc65051c20_0 .net "in_b", 7 0, v0xc65052620_0;  alias, 1 drivers
v0xc65051cc0_0 .var "out_a", 7 0;
v0xc65051d60_0 .var "out_b", 7 0;
v0xc65051e00_0 .net "rst_n", 0 0, v0xc6506ce60_0;  alias, 1 drivers
S_0xc64c6d080 .scope generate, "col[3]" "col[3]" 4 19, 4 19 0, S_0xc64c6c600;
 .timescale 0 0;
P_0xc65025a80 .param/l "j" 1 4 19, +C4<011>;
S_0xc64c6d200 .scope module, "pe_inst" "npu_pe" 4 20, 5 1 0, S_0xc64c6d080;
 .timescale 0 0;
    .port_info 0 /INPUT 1 "clk";
    .port_info 1 /INPUT 1 "rst_n";
    .port_info 2 /INPUT 8 "in_a";
    .port_info 3 /INPUT 8 "in_b";
    .port_info 4 /OUTPUT 8 "out_a";
    .port_info 5 /OUTPUT 8 "out_b";
    .port_info 6 /OUTPUT 16 "accum";
v0xc65051ea0_0 .var "accum", 15 0;
v0xc65051f40_0 .net "clk", 0 0, v0xc6506cbe0_0;  alias, 1 drivers
v0xc65051fe0_0 .net "in_a", 7 0, v0xc65051cc0_0;  alias, 1 drivers
v0xc65052080_0 .net "in_b", 7 0, v0xc650537a0_0;  alias, 1 drivers
v0xc65052120_0 .var "out_a", 7 0;
v0xc650521c0_0 .var "out_b", 7 0;
v0xc65052260_0 .net "rst_n", 0 0, v0xc6506ce60_0;  alias, 1 drivers
S_0xc64c6d380 .scope generate, "row[2]" "row[2]" 4 18, 4 18 0, S_0x1028b6070;
 .timescale 0 0;
P_0xc65025b00 .param/l "i" 1 4 18, +C4<010>;
S_0xc64c6d500 .scope generate, "col[0]" "col[0]" 4 19, 4 19 0, S_0xc64c6d380;
 .timescale 0 0;
P_0xc65025b40 .param/l "j" 1 4 19, +C4<00>;
S_0xc64c6d680 .scope module, "pe_inst" "npu_pe" 4 20, 5 1 0, S_0xc64c6d500;
 .timescale 0 0;
    .port_info 0 /INPUT 1 "clk";
    .port_info 1 /INPUT 1 "rst_n";
    .port_info 2 /INPUT 8 "in_a";
    .port_info 3 /INPUT 8 "in_b";
    .port_info 4 /OUTPUT 8 "out_a";
    .port_info 5 /OUTPUT 8 "out_b";
    .port_info 6 /OUTPUT 16 "accum";
v0xc65052300_0 .var "accum", 15 0;
v0xc650523a0_0 .net "clk", 0 0, v0xc6506cbe0_0;  alias, 1 drivers
v0xc65052440_0 .net "in_a", 7 0, L_0xc650701c0;  alias, 1 drivers
v0xc650524e0_0 .net "in_b", 7 0, v0xc65050780_0;  alias, 1 drivers
v0xc65052580_0 .var "out_a", 7 0;
v0xc65052620_0 .var "out_b", 7 0;
v0xc650526c0_0 .net "rst_n", 0 0, v0xc6506ce60_0;  alias, 1 drivers
S_0xc64c6d800 .scope generate, "col[1]" "col[1]" 4 19, 4 19 0, S_0xc64c6d380;
 .timescale 0 0;
P_0xc65025bc0 .param/l "j" 1 4 19, +C4<01>;
S_0xc64c6d980 .scope module, "pe_inst" "npu_pe" 4 20, 5 1 0, S_0xc64c6d800;
 .timescale 0 0;
    .port_info 0 /INPUT 1 "clk";
    .port_info 1 /INPUT 1 "rst_n";
    .port_info 2 /INPUT 8 "in_a";
    .port_info 3 /INPUT 8 "in_b";
    .port_info 4 /OUTPUT 8 "out_a";
    .port_info 5 /OUTPUT 8 "out_b";
    .port_info 6 /OUTPUT 16 "accum";
v0xc65052760_0 .var "accum", 15 0;
v0xc65052800_0 .net "clk", 0 0, v0xc6506cbe0_0;  alias, 1 drivers
v0xc650528a0_0 .net "in_a", 7 0, v0xc65052580_0;  alias, 1 drivers
v0xc65052940_0 .net "in_b", 7 0, v0xc65051900_0;  alias, 1 drivers
v0xc650529e0_0 .var "out_a", 7 0;
v0xc65052a80_0 .var "out_b", 7 0;
v0xc65052b20_0 .net "rst_n", 0 0, v0xc6506ce60_0;  alias, 1 drivers
S_0xc64c6db00 .scope generate, "col[2]" "col[2]" 4 19, 4 19 0, S_0xc64c6d380;
 .timescale 0 0;
P_0xc65025c40 .param/l "j" 1 4 19, +C4<010>;
S_0xc64c6dc80 .scope module, "pe_inst" "npu_pe" 4 20, 5 1 0, S_0xc64c6db00;
 .timescale 0 0;
    .port_info 0 /INPUT 1 "clk";
    .port_info 1 /INPUT 1 "rst_n";
    .port_info 2 /INPUT 8 "in_a";
    .port_info 3 /INPUT 8 "in_b";
    .port_info 4 /OUTPUT 8 "out_a";
    .port_info 5 /OUTPUT 8 "out_b";
    .port_info 6 /OUTPUT 16 "accum";
v0xc65052bc0_0 .var "accum", 15 0;
v0xc65052c60_0 .net "clk", 0 0, v0xc6506cbe0_0;  alias, 1 drivers
v0xc65052d00_0 .net "in_a", 7 0, v0xc650529e0_0;  alias, 1 drivers
v0xc65052da0_0 .net "in_b", 7 0, v0xc65052a80_0;  alias, 1 drivers
v0xc65052e40_0 .var "out_a", 7 0;
v0xc65052ee0_0 .var "out_b", 7 0;
v0xc65052f80_0 .net "rst_n", 0 0, v0xc6506ce60_0;  alias, 1 drivers
S_0xc64c6de00 .scope generate, "col[3]" "col[3]" 4 19, 4 19 0, S_0xc64c6d380;
 .timescale 0 0;
P_0xc65025cc0 .param/l "j" 1 4 19, +C4<011>;
S_0xc64c6df80 .scope module, "pe_inst" "npu_pe" 4 20, 5 1 0, S_0xc64c6de00;
 .timescale 0 0;
    .port_info 0 /INPUT 1 "clk";
    .port_info 1 /INPUT 1 "rst_n";
    .port_info 2 /INPUT 8 "in_a";
    .port_info 3 /INPUT 8 "in_b";
    .port_info 4 /OUTPUT 8 "out_a";
    .port_info 5 /OUTPUT 8 "out_b";
    .port_info 6 /OUTPUT 16 "accum";
v0xc65053020_0 .var "accum", 15 0;
v0xc650530c0_0 .net "clk", 0 0, v0xc6506cbe0_0;  alias, 1 drivers
v0xc65053160_0 .net "in_a", 7 0, v0xc65052e40_0;  alias, 1 drivers
v0xc65053200_0 .net "in_b", 7 0, v0xc65053c00_0;  alias, 1 drivers
v0xc650532a0_0 .var "out_a", 7 0;
v0xc65053340_0 .var "out_b", 7 0;
v0xc650533e0_0 .net "rst_n", 0 0, v0xc6506ce60_0;  alias, 1 drivers
S_0xc64c6e100 .scope generate, "row[3]" "row[3]" 4 18, 4 18 0, S_0x1028b6070;
 .timescale 0 0;
P_0xc65025d40 .param/l "i" 1 4 18, +C4<011>;
S_0xc64c6e280 .scope generate, "col[0]" "col[0]" 4 19, 4 19 0, S_0xc64c6e100;
 .timescale 0 0;
P_0xc65025d80 .param/l "j" 1 4 19, +C4<00>;
S_0xc64c6e400 .scope module, "pe_inst" "npu_pe" 4 20, 5 1 0, S_0xc64c6e280;
 .timescale 0 0;
    .port_info 0 /INPUT 1 "clk";
    .port_info 1 /INPUT 1 "rst_n";
    .port_info 2 /INPUT 8 "in_a";
    .port_info 3 /INPUT 8 "in_b";
    .port_info 4 /OUTPUT 8 "out_a";
    .port_info 5 /OUTPUT 8 "out_b";
    .port_info 6 /OUTPUT 16 "accum";
v0xc65053480_0 .var "accum", 15 0;
v0xc65053520_0 .net "clk", 0 0, v0xc6506cbe0_0;  alias, 1 drivers
v0xc650535c0_0 .net "in_a", 7 0, L_0xc650702a0;  alias, 1 drivers
v0xc65053660_0 .net "in_b", 7 0, v0xc65050be0_0;  alias, 1 drivers
v0xc65053700_0 .var "out_a", 7 0;
v0xc650537a0_0 .var "out_b", 7 0;
v0xc65053840_0 .net "rst_n", 0 0, v0xc6506ce60_0;  alias, 1 drivers
S_0xc64c6e580 .scope generate, "col[1]" "col[1]" 4 19, 4 19 0, S_0xc64c6e100;
 .timescale 0 0;
P_0xc65025e00 .param/l "j" 1 4 19, +C4<01>;
S_0xc64c6e700 .scope module, "pe_inst" "npu_pe" 4 20, 5 1 0, S_0xc64c6e580;
 .timescale 0 0;
    .port_info 0 /INPUT 1 "clk";
    .port_info 1 /INPUT 1 "rst_n";
    .port_info 2 /INPUT 8 "in_a";
    .port_info 3 /INPUT 8 "in_b";
    .port_info 4 /OUTPUT 8 "out_a";
    .port_info 5 /OUTPUT 8 "out_b";
    .port_info 6 /OUTPUT 16 "accum";
v0xc650538e0_0 .var "accum", 15 0;
v0xc65053980_0 .net "clk", 0 0, v0xc6506cbe0_0;  alias, 1 drivers
v0xc65053a20_0 .net "in_a", 7 0, v0xc65053700_0;  alias, 1 drivers
v0xc65053ac0_0 .net "in_b", 7 0, v0xc65051d60_0;  alias, 1 drivers
v0xc65053b60_0 .var "out_a", 7 0;
v0xc65053c00_0 .var "out_b", 7 0;
v0xc65053ca0_0 .net "rst_n", 0 0, v0xc6506ce60_0;  alias, 1 drivers
S_0xc64c6e880 .scope generate, "col[2]" "col[2]" 4 19, 4 19 0, S_0xc64c6e100;
 .timescale 0 0;
P_0xc65025e80 .param/l "j" 1 4 19, +C4<010>;
S_0xc64c6ea00 .scope module, "pe_inst" "npu_pe" 4 20, 5 1 0, S_0xc64c6e880;
 .timescale 0 0;
    .port_info 0 /INPUT 1 "clk";
    .port_info 1 /INPUT 1 "rst_n";
    .port_info 2 /INPUT 8 "in_a";
    .port_info 3 /INPUT 8 "in_b";
    .port_info 4 /OUTPUT 8 "out_a";
    .port_info 5 /OUTPUT 8 "out_b";
    .port_info 6 /OUTPUT 16 "accum";
v0xc65053d40_0 .var "accum", 15 0;
v0xc65053de0_0 .net "clk", 0 0, v0xc6506cbe0_0;  alias, 1 drivers
v0xc65053e80_0 .net "in_a", 7 0, v0xc65053b60_0;  alias, 1 drivers
v0xc65053f20_0 .net "in_b", 7 0, v0xc65052ee0_0;  alias, 1 drivers
v0xc6506c000_0 .var "out_a", 7 0;
v0xc6506c0a0_0 .var "out_b", 7 0;
v0xc6506c140_0 .net "rst_n", 0 0, v0xc6506ce60_0;  alias, 1 drivers
S_0xc64c6eb80 .scope generate, "col[3]" "col[3]" 4 19, 4 19 0, S_0xc64c6e100;
 .timescale 0 0;
P_0xc65025f00 .param/l "j" 1 4 19, +C4<011>;
S_0xc64c6ed00 .scope module, "pe_inst" "npu_pe" 4 20, 5 1 0, S_0xc64c6eb80;
 .timescale 0 0;
    .port_info 0 /INPUT 1 "clk";
    .port_info 1 /INPUT 1 "rst_n";
    .port_info 2 /INPUT 8 "in_a";
    .port_info 3 /INPUT 8 "in_b";
    .port_info 4 /OUTPUT 8 "out_a";
    .port_info 5 /OUTPUT 8 "out_b";
    .port_info 6 /OUTPUT 16 "accum";
v0xc6506c1e0_0 .var "accum", 15 0;
v0xc6506c280_0 .net "clk", 0 0, v0xc6506cbe0_0;  alias, 1 drivers
v0xc6506c320_0 .net "in_a", 7 0, v0xc6506c000_0;  alias, 1 drivers
v0xc6506c3c0_0 .net "in_b", 7 0, v0xc6506c0a0_0;  alias, 1 drivers
v0xc6506c460_0 .var "out_a", 7 0;
v0xc6506c500_0 .var "out_b", 7 0;
v0xc6506c5a0_0 .net "rst_n", 0 0, v0xc6506ce60_0;  alias, 1 drivers
    .scope S_0x1028c1490;
T_0 ;
    %wait E_0xc64c56000;
    %load/vec4 v0xc650503c0_0;
    %nor/r;
    %flag_set/vec4 8;
    %jmp/0xz  T_0.0, 8;
    %pushi/vec4 0, 0, 8;
    %assign/vec4 v0xc65050280_0, 0;
    %pushi/vec4 0, 0, 8;
    %assign/vec4 v0xc65050320_0, 0;
    %pushi/vec4 0, 0, 16;
    %assign/vec4 v0xc65050000_0, 0;
    %jmp T_0.1;
T_0.0 ;
    %load/vec4 v0xc65050140_0;
    %assign/vec4 v0xc65050280_0, 0;
    %load/vec4 v0xc650501e0_0;
    %assign/vec4 v0xc65050320_0, 0;
    %load/vec4 v0xc65050000_0;
    %load/vec4 v0xc65050140_0;
    %pad/u 16;
    %load/vec4 v0xc650501e0_0;
    %pad/u 16;
    %mul;
    %add;
    %assign/vec4 v0xc65050000_0, 0;
T_0.1 ;
    %jmp T_0;
    .thread T_0;
    .scope S_0x1028c1790;
T_1 ;
    %wait E_0xc64c56000;
    %load/vec4 v0xc65050820_0;
    %nor/r;
    %flag_set/vec4 8;
    %jmp/0xz  T_1.0, 8;
    %pushi/vec4 0, 0, 8;
    %assign/vec4 v0xc650506e0_0, 0;
    %pushi/vec4 0, 0, 8;
    %assign/vec4 v0xc65050780_0, 0;
    %pushi/vec4 0, 0, 16;
    %assign/vec4 v0xc65050460_0, 0;
    %jmp T_1.1;
T_1.0 ;
    %load/vec4 v0xc650505a0_0;
    %assign/vec4 v0xc650506e0_0, 0;
    %load/vec4 v0xc65050640_0;
    %assign/vec4 v0xc65050780_0, 0;
    %load/vec4 v0xc65050460_0;
    %load/vec4 v0xc650505a0_0;
    %pad/u 16;
    %load/vec4 v0xc65050640_0;
    %pad/u 16;
    %mul;
    %add;
    %assign/vec4 v0xc65050460_0, 0;
T_1.1 ;
    %jmp T_1;
    .thread T_1;
    .scope S_0xc64c6c180;
T_2 ;
    %wait E_0xc64c56000;
    %load/vec4 v0xc65050c80_0;
    %nor/r;
    %flag_set/vec4 8;
    %jmp/0xz  T_2.0, 8;
    %pushi/vec4 0, 0, 8;
    %assign/vec4 v0xc65050b40_0, 0;
    %pushi/vec4 0, 0, 8;
    %assign/vec4 v0xc65050be0_0, 0;
    %pushi/vec4 0, 0, 16;
    %assign/vec4 v0xc650508c0_0, 0;
    %jmp T_2.1;
T_2.0 ;
    %load/vec4 v0xc65050a00_0;
    %assign/vec4 v0xc65050b40_0, 0;
    %load/vec4 v0xc65050aa0_0;
    %assign/vec4 v0xc65050be0_0, 0;
    %load/vec4 v0xc650508c0_0;
    %load/vec4 v0xc65050a00_0;
    %pad/u 16;
    %load/vec4 v0xc65050aa0_0;
    %pad/u 16;
    %mul;
    %add;
    %assign/vec4 v0xc650508c0_0, 0;
T_2.1 ;
    %jmp T_2;
    .thread T_2;
    .scope S_0xc64c6c480;
T_3 ;
    %wait E_0xc64c56000;
    %load/vec4 v0xc650510e0_0;
    %nor/r;
    %flag_set/vec4 8;
    %jmp/0xz  T_3.0, 8;
    %pushi/vec4 0, 0, 8;
    %assign/vec4 v0xc65050fa0_0, 0;
    %pushi/vec4 0, 0, 8;
    %assign/vec4 v0xc65051040_0, 0;
    %pushi/vec4 0, 0, 16;
    %assign/vec4 v0xc65050d20_0, 0;
    %jmp T_3.1;
T_3.0 ;
    %load/vec4 v0xc65050e60_0;
    %assign/vec4 v0xc65050fa0_0, 0;
    %load/vec4 v0xc65050f00_0;
    %assign/vec4 v0xc65051040_0, 0;
    %load/vec4 v0xc65050d20_0;
    %load/vec4 v0xc65050e60_0;
    %pad/u 16;
    %load/vec4 v0xc65050f00_0;
    %pad/u 16;
    %mul;
    %add;
    %assign/vec4 v0xc65050d20_0, 0;
T_3.1 ;
    %jmp T_3;
    .thread T_3;
    .scope S_0xc64c6c900;
T_4 ;
    %wait E_0xc64c56000;
    %load/vec4 v0xc65051540_0;
    %nor/r;
    %flag_set/vec4 8;
    %jmp/0xz  T_4.0, 8;
    %pushi/vec4 0, 0, 8;
    %assign/vec4 v0xc65051400_0, 0;
    %pushi/vec4 0, 0, 8;
    %assign/vec4 v0xc650514a0_0, 0;
    %pushi/vec4 0, 0, 16;
    %assign/vec4 v0xc65051180_0, 0;
    %jmp T_4.1;
T_4.0 ;
    %load/vec4 v0xc650512c0_0;
    %assign/vec4 v0xc65051400_0, 0;
    %load/vec4 v0xc65051360_0;
    %assign/vec4 v0xc650514a0_0, 0;
    %load/vec4 v0xc65051180_0;
    %load/vec4 v0xc650512c0_0;
    %pad/u 16;
    %load/vec4 v0xc65051360_0;
    %pad/u 16;
    %mul;
    %add;
    %assign/vec4 v0xc65051180_0, 0;
T_4.1 ;
    %jmp T_4;
    .thread T_4;
    .scope S_0xc64c6cc00;
T_5 ;
    %wait E_0xc64c56000;
    %load/vec4 v0xc650519a0_0;
    %nor/r;
    %flag_set/vec4 8;
    %jmp/0xz  T_5.0, 8;
    %pushi/vec4 0, 0, 8;
    %assign/vec4 v0xc65051860_0, 0;
    %pushi/vec4 0, 0, 8;
    %assign/vec4 v0xc65051900_0, 0;
    %pushi/vec4 0, 0, 16;
    %assign/vec4 v0xc650515e0_0, 0;
    %jmp T_5.1;
T_5.0 ;
    %load/vec4 v0xc65051720_0;
    %assign/vec4 v0xc65051860_0, 0;
    %load/vec4 v0xc650517c0_0;
    %assign/vec4 v0xc65051900_0, 0;
    %load/vec4 v0xc650515e0_0;
    %load/vec4 v0xc65051720_0;
    %pad/u 16;
    %load/vec4 v0xc650517c0_0;
    %pad/u 16;
    %mul;
    %add;
    %assign/vec4 v0xc650515e0_0, 0;
T_5.1 ;
    %jmp T_5;
    .thread T_5;
    .scope S_0xc64c6cf00;
T_6 ;
    %wait E_0xc64c56000;
    %load/vec4 v0xc65051e00_0;
    %nor/r;
    %flag_set/vec4 8;
    %jmp/0xz  T_6.0, 8;
    %pushi/vec4 0, 0, 8;
    %assign/vec4 v0xc65051cc0_0, 0;
    %pushi/vec4 0, 0, 8;
    %assign/vec4 v0xc65051d60_0, 0;
    %pushi/vec4 0, 0, 16;
    %assign/vec4 v0xc65051a40_0, 0;
    %jmp T_6.1;
T_6.0 ;
    %load/vec4 v0xc65051b80_0;
    %assign/vec4 v0xc65051cc0_0, 0;
    %load/vec4 v0xc65051c20_0;
    %assign/vec4 v0xc65051d60_0, 0;
    %load/vec4 v0xc65051a40_0;
    %load/vec4 v0xc65051b80_0;
    %pad/u 16;
    %load/vec4 v0xc65051c20_0;
    %pad/u 16;
    %mul;
    %add;
    %assign/vec4 v0xc65051a40_0, 0;
T_6.1 ;
    %jmp T_6;
    .thread T_6;
    .scope S_0xc64c6d200;
T_7 ;
    %wait E_0xc64c56000;
    %load/vec4 v0xc65052260_0;
    %nor/r;
    %flag_set/vec4 8;
    %jmp/0xz  T_7.0, 8;
    %pushi/vec4 0, 0, 8;
    %assign/vec4 v0xc65052120_0, 0;
    %pushi/vec4 0, 0, 8;
    %assign/vec4 v0xc650521c0_0, 0;
    %pushi/vec4 0, 0, 16;
    %assign/vec4 v0xc65051ea0_0, 0;
    %jmp T_7.1;
T_7.0 ;
    %load/vec4 v0xc65051fe0_0;
    %assign/vec4 v0xc65052120_0, 0;
    %load/vec4 v0xc65052080_0;
    %assign/vec4 v0xc650521c0_0, 0;
    %load/vec4 v0xc65051ea0_0;
    %load/vec4 v0xc65051fe0_0;
    %pad/u 16;
    %load/vec4 v0xc65052080_0;
    %pad/u 16;
    %mul;
    %add;
    %assign/vec4 v0xc65051ea0_0, 0;
T_7.1 ;
    %jmp T_7;
    .thread T_7;
    .scope S_0xc64c6d680;
T_8 ;
    %wait E_0xc64c56000;
    %load/vec4 v0xc650526c0_0;
    %nor/r;
    %flag_set/vec4 8;
    %jmp/0xz  T_8.0, 8;
    %pushi/vec4 0, 0, 8;
    %assign/vec4 v0xc65052580_0, 0;
    %pushi/vec4 0, 0, 8;
    %assign/vec4 v0xc65052620_0, 0;
    %pushi/vec4 0, 0, 16;
    %assign/vec4 v0xc65052300_0, 0;
    %jmp T_8.1;
T_8.0 ;
    %load/vec4 v0xc65052440_0;
    %assign/vec4 v0xc65052580_0, 0;
    %load/vec4 v0xc650524e0_0;
    %assign/vec4 v0xc65052620_0, 0;
    %load/vec4 v0xc65052300_0;
    %load/vec4 v0xc65052440_0;
    %pad/u 16;
    %load/vec4 v0xc650524e0_0;
    %pad/u 16;
    %mul;
    %add;
    %assign/vec4 v0xc65052300_0, 0;
T_8.1 ;
    %jmp T_8;
    .thread T_8;
    .scope S_0xc64c6d980;
T_9 ;
    %wait E_0xc64c56000;
    %load/vec4 v0xc65052b20_0;
    %nor/r;
    %flag_set/vec4 8;
    %jmp/0xz  T_9.0, 8;
    %pushi/vec4 0, 0, 8;
    %assign/vec4 v0xc650529e0_0, 0;
    %pushi/vec4 0, 0, 8;
    %assign/vec4 v0xc65052a80_0, 0;
    %pushi/vec4 0, 0, 16;
    %assign/vec4 v0xc65052760_0, 0;
    %jmp T_9.1;
T_9.0 ;
    %load/vec4 v0xc650528a0_0;
    %assign/vec4 v0xc650529e0_0, 0;
    %load/vec4 v0xc65052940_0;
    %assign/vec4 v0xc65052a80_0, 0;
    %load/vec4 v0xc65052760_0;
    %load/vec4 v0xc650528a0_0;
    %pad/u 16;
    %load/vec4 v0xc65052940_0;
    %pad/u 16;
    %mul;
    %add;
    %assign/vec4 v0xc65052760_0, 0;
T_9.1 ;
    %jmp T_9;
    .thread T_9;
    .scope S_0xc64c6dc80;
T_10 ;
    %wait E_0xc64c56000;
    %load/vec4 v0xc65052f80_0;
    %nor/r;
    %flag_set/vec4 8;
    %jmp/0xz  T_10.0, 8;
    %pushi/vec4 0, 0, 8;
    %assign/vec4 v0xc65052e40_0, 0;
    %pushi/vec4 0, 0, 8;
    %assign/vec4 v0xc65052ee0_0, 0;
    %pushi/vec4 0, 0, 16;
    %assign/vec4 v0xc65052bc0_0, 0;
    %jmp T_10.1;
T_10.0 ;
    %load/vec4 v0xc65052d00_0;
    %assign/vec4 v0xc65052e40_0, 0;
    %load/vec4 v0xc65052da0_0;
    %assign/vec4 v0xc65052ee0_0, 0;
    %load/vec4 v0xc65052bc0_0;
    %load/vec4 v0xc65052d00_0;
    %pad/u 16;
    %load/vec4 v0xc65052da0_0;
    %pad/u 16;
    %mul;
    %add;
    %assign/vec4 v0xc65052bc0_0, 0;
T_10.1 ;
    %jmp T_10;
    .thread T_10;
    .scope S_0xc64c6df80;
T_11 ;
    %wait E_0xc64c56000;
    %load/vec4 v0xc650533e0_0;
    %nor/r;
    %flag_set/vec4 8;
    %jmp/0xz  T_11.0, 8;
    %pushi/vec4 0, 0, 8;
    %assign/vec4 v0xc650532a0_0, 0;
    %pushi/vec4 0, 0, 8;
    %assign/vec4 v0xc65053340_0, 0;
    %pushi/vec4 0, 0, 16;
    %assign/vec4 v0xc65053020_0, 0;
    %jmp T_11.1;
T_11.0 ;
    %load/vec4 v0xc65053160_0;
    %assign/vec4 v0xc650532a0_0, 0;
    %load/vec4 v0xc65053200_0;
    %assign/vec4 v0xc65053340_0, 0;
    %load/vec4 v0xc65053020_0;
    %load/vec4 v0xc65053160_0;
    %pad/u 16;
    %load/vec4 v0xc65053200_0;
    %pad/u 16;
    %mul;
    %add;
    %assign/vec4 v0xc65053020_0, 0;
T_11.1 ;
    %jmp T_11;
    .thread T_11;
    .scope S_0xc64c6e400;
T_12 ;
    %wait E_0xc64c56000;
    %load/vec4 v0xc65053840_0;
    %nor/r;
    %flag_set/vec4 8;
    %jmp/0xz  T_12.0, 8;
    %pushi/vec4 0, 0, 8;
    %assign/vec4 v0xc65053700_0, 0;
    %pushi/vec4 0, 0, 8;
    %assign/vec4 v0xc650537a0_0, 0;
    %pushi/vec4 0, 0, 16;
    %assign/vec4 v0xc65053480_0, 0;
    %jmp T_12.1;
T_12.0 ;
    %load/vec4 v0xc650535c0_0;
    %assign/vec4 v0xc65053700_0, 0;
    %load/vec4 v0xc65053660_0;
    %assign/vec4 v0xc650537a0_0, 0;
    %load/vec4 v0xc65053480_0;
    %load/vec4 v0xc650535c0_0;
    %pad/u 16;
    %load/vec4 v0xc65053660_0;
    %pad/u 16;
    %mul;
    %add;
    %assign/vec4 v0xc65053480_0, 0;
T_12.1 ;
    %jmp T_12;
    .thread T_12;
    .scope S_0xc64c6e700;
T_13 ;
    %wait E_0xc64c56000;
    %load/vec4 v0xc65053ca0_0;
    %nor/r;
    %flag_set/vec4 8;
    %jmp/0xz  T_13.0, 8;
    %pushi/vec4 0, 0, 8;
    %assign/vec4 v0xc65053b60_0, 0;
    %pushi/vec4 0, 0, 8;
    %assign/vec4 v0xc65053c00_0, 0;
    %pushi/vec4 0, 0, 16;
    %assign/vec4 v0xc650538e0_0, 0;
    %jmp T_13.1;
T_13.0 ;
    %load/vec4 v0xc65053a20_0;
    %assign/vec4 v0xc65053b60_0, 0;
    %load/vec4 v0xc65053ac0_0;
    %assign/vec4 v0xc65053c00_0, 0;
    %load/vec4 v0xc650538e0_0;
    %load/vec4 v0xc65053a20_0;
    %pad/u 16;
    %load/vec4 v0xc65053ac0_0;
    %pad/u 16;
    %mul;
    %add;
    %assign/vec4 v0xc650538e0_0, 0;
T_13.1 ;
    %jmp T_13;
    .thread T_13;
    .scope S_0xc64c6ea00;
T_14 ;
    %wait E_0xc64c56000;
    %load/vec4 v0xc6506c140_0;
    %nor/r;
    %flag_set/vec4 8;
    %jmp/0xz  T_14.0, 8;
    %pushi/vec4 0, 0, 8;
    %assign/vec4 v0xc6506c000_0, 0;
    %pushi/vec4 0, 0, 8;
    %assign/vec4 v0xc6506c0a0_0, 0;
    %pushi/vec4 0, 0, 16;
    %assign/vec4 v0xc65053d40_0, 0;
    %jmp T_14.1;
T_14.0 ;
    %load/vec4 v0xc65053e80_0;
    %assign/vec4 v0xc6506c000_0, 0;
    %load/vec4 v0xc65053f20_0;
    %assign/vec4 v0xc6506c0a0_0, 0;
    %load/vec4 v0xc65053d40_0;
    %load/vec4 v0xc65053e80_0;
    %pad/u 16;
    %load/vec4 v0xc65053f20_0;
    %pad/u 16;
    %mul;
    %add;
    %assign/vec4 v0xc65053d40_0, 0;
T_14.1 ;
    %jmp T_14;
    .thread T_14;
    .scope S_0xc64c6ed00;
T_15 ;
    %wait E_0xc64c56000;
    %load/vec4 v0xc6506c5a0_0;
    %nor/r;
    %flag_set/vec4 8;
    %jmp/0xz  T_15.0, 8;
    %pushi/vec4 0, 0, 8;
    %assign/vec4 v0xc6506c460_0, 0;
    %pushi/vec4 0, 0, 8;
    %assign/vec4 v0xc6506c500_0, 0;
    %pushi/vec4 0, 0, 16;
    %assign/vec4 v0xc6506c1e0_0, 0;
    %jmp T_15.1;
T_15.0 ;
    %load/vec4 v0xc6506c320_0;
    %assign/vec4 v0xc6506c460_0, 0;
    %load/vec4 v0xc6506c3c0_0;
    %assign/vec4 v0xc6506c500_0, 0;
    %load/vec4 v0xc6506c1e0_0;
    %load/vec4 v0xc6506c320_0;
    %pad/u 16;
    %load/vec4 v0xc6506c3c0_0;
    %pad/u 16;
    %mul;
    %add;
    %assign/vec4 v0xc6506c1e0_0, 0;
T_15.1 ;
    %jmp T_15;
    .thread T_15;
    .scope S_0x1028be840;
T_16 ;
    %pushi/vec4 0, 0, 1;
    %store/vec4 v0xc6506cbe0_0, 0, 1;
    %pushi/vec4 0, 0, 1;
    %store/vec4 v0xc6506ce60_0, 0, 1;
    %end;
    .thread T_16, $init;
    .scope S_0x1028be840;
T_17 ;
    %delay 5, 0;
    %load/vec4 v0xc6506cbe0_0;
    %inv;
    %store/vec4 v0xc6506cbe0_0, 0, 1;
    %jmp T_17;
    .thread T_17;
    .scope S_0x1028be840;
T_18 ;
    %vpi_call/w 3 19 "$dumpfile", "sim_build/npu_waves.vcd" {0 0 0};
    %vpi_call/w 3 20 "$dumpvars", 32'sb00000000000000000000000000000000, S_0x1028be840 {0 0 0};
    %delay 10, 0;
    %pushi/vec4 1, 0, 1;
    %store/vec4 v0xc6506ce60_0, 0, 1;
    %pushi/vec4 2, 0, 8;
    %ix/load 4, 0, 0;
    %flag_set/imm 4, 0;
    %store/vec4a v0xc6506cc80, 4, 0;
    %pushi/vec4 3, 0, 8;
    %ix/load 4, 0, 0;
    %flag_set/imm 4, 0;
    %store/vec4a v0xc6506cd20, 4, 0;
    %delay 10, 0;
    %pushi/vec4 4, 0, 8;
    %ix/load 4, 0, 0;
    %flag_set/imm 4, 0;
    %store/vec4a v0xc6506cc80, 4, 0;
    %pushi/vec4 5, 0, 8;
    %ix/load 4, 0, 0;
    %flag_set/imm 4, 0;
    %store/vec4a v0xc6506cd20, 4, 0;
    %delay 10, 0;
    %delay 20, 0;
    %vpi_call/w 3 29 "$display", "[SUCCESS] 4x4 Systolic Array Tensor Hardware Validated!" {0 0 0};
    %vpi_call/w 3 30 "$finish" {0 0 0};
    %end;
    .thread T_18;
# The file index is used to find the file name in the following table.
:file_names 6;
    "N/A";
    "<interactive>";
    "-";
    "tb/tb_npu_array.sv";
    "rtl/npu/systolic_array.sv";
    "rtl/npu/npu_pe.sv";
